// Vitest Snapshot v1

exports[`creates a component and passes the node from the portal to it 1`] = `
<div
  id="nodeid"
>
  Element
  <span>
    NewElement
  </span>
</div>
`;
